000000000 OK
111111111 ERR
222222222 ERR
333333333 ERR
444444444 ERR
555555555 ERR
666666666 ERR
777777777 ERR
888888888 ERR
999999999 ERR
123456789 OK
000000051 OK
49006771? ILL
1234?678? ILL
111111111 ERR
777777777 ERR
200000000 ERR
333333333 ERR
888888888 ERR
555555555 ERR
666666666 ERR
999999999 ERR
490067715 ERR
?23456789 ERR
0?0000051 ILL
49086771? ILL
345882865 OK
